// Jest Snapshot v1, https://goo.gl/fbAQLP

exports[`should work 1`] = `"{% capture ButtonChildren %}Hello, World!{% endcapture %}{% render 'Button', children: ButtonChildren %}"`;
